Mar-19 11:45:18.264 [main] DEBUG nextflow.cli.Launcher - $> nextflow run main.nf -resume -with-conda
Mar-19 11:45:18.356 [main] DEBUG nextflow.cli.CmdRun - N E X T F L O W  ~  version 25.10.4
Mar-19 11:45:18.380 [main] DEBUG nextflow.plugin.PluginsFacade - Setting up plugin manager > mode=prod; embedded=false; plugins-dir=/home/goodname/.nextflow/plugins; core-plugins: nf-amazon@3.4.4,nf-azure@1.20.2,nf-cloudcache@0.5.0,nf-codecommit@0.5.0,nf-console@1.3.0,nf-google@1.23.5,nf-k8s@1.2.2,nf-tower@1.17.5,nf-wave@1.16.1
Mar-19 11:45:18.404 [main] INFO  o.pf4j.DefaultPluginStatusProvider - Enabled plugins: []
Mar-19 11:45:18.405 [main] INFO  o.pf4j.DefaultPluginStatusProvider - Disabled plugins: []
Mar-19 11:45:18.407 [main] INFO  org.pf4j.DefaultPluginManager - PF4J version 3.12.0 in 'deployment' mode
Mar-19 11:45:18.422 [main] DEBUG nextflow.util.RetryConfig - Missing nextflow session - using default retry config
Mar-19 11:45:18.532 [main] INFO  org.pf4j.AbstractPluginManager - No plugins
Mar-19 11:45:18.558 [main] DEBUG nextflow.config.ConfigBuilder - Found config local: /home/goodname/ma5121/assignment1/nextflow.config
Mar-19 11:45:18.561 [main] DEBUG nextflow.config.ConfigBuilder - Parsing config file: /home/goodname/ma5121/assignment1/nextflow.config
Mar-19 11:45:18.585 [main] DEBUG nextflow.config.ConfigBuilder - Applying config profile: `standard`
Mar-19 11:45:19.006 [main] DEBUG nextflow.plugin.PluginsFacade - Plugins default=[]
Mar-19 11:45:19.006 [main] DEBUG nextflow.plugin.PluginsFacade - Plugins resolved requirement=[]
Mar-19 11:45:19.022 [main] DEBUG n.secret.LocalSecretsProvider - Secrets store: /home/goodname/.nextflow/secrets/store.json
Mar-19 11:45:19.024 [main] DEBUG nextflow.secret.SecretsLoader - Discovered secrets providers: [nextflow.secret.LocalSecretsProvider@43a09ce2] - activable => nextflow.secret.LocalSecretsProvider@43a09ce2
Mar-19 11:45:19.072 [main] DEBUG nextflow.cli.CmdRun - Applied DSL=2 from script declaration
Mar-19 11:45:19.090 [main] DEBUG nextflow.cli.CmdRun - Launching `main.nf` [sick_moriondo] DSL2 - revision: 6db66a39d8
Mar-19 11:45:19.158 [main] DEBUG nextflow.Session - Session UUID: 998432bc-fcb2-48a9-b583-4e62cddde9b2
Mar-19 11:45:19.159 [main] DEBUG nextflow.Session - Run name: sick_moriondo
Mar-19 11:45:19.159 [main] DEBUG nextflow.Session - Executor pool size: 8
Mar-19 11:45:19.169 [main] DEBUG nextflow.file.FilePorter - File porter settings maxRetries=3; maxTransfers=50; pollTimeout=null
Mar-19 11:45:19.174 [main] DEBUG nextflow.util.ThreadPoolBuilder - Creating thread pool 'FileTransfer' minSize=10; maxSize=24; workQueue=LinkedBlockingQueue[-1]; allowCoreThreadTimeout=false
Mar-19 11:45:19.188 [main] DEBUG nextflow.cli.CmdRun - 
  Version: 25.10.4 build 11173
  Created: 10-02-2026 15:17 UTC (15:17 BST)
  System: Linux 4.4.0-19041-Microsoft
  Runtime: Groovy 4.0.28 on OpenJDK 64-Bit Server VM 17.0.7+4-jvmci-23.0-b10
  Encoding: UTF-8 (UTF-8)
  Process: 23616@LAPTOP-NFFPQH79 [127.0.1.1]
  CPUs: 8 - Mem: 15.8 GB (4.4 GB) - Swap: 48 GB (46 GB)
Mar-19 11:45:19.243 [main] DEBUG nextflow.Session - Work-dir: /home/goodname/ma5121/assignment1/work [UNKNOWN (0x53464846)]
Mar-19 11:45:19.244 [main] DEBUG nextflow.Session - Script base path does not exist or is not a directory: /home/goodname/ma5121/assignment1/bin
Mar-19 11:45:19.255 [main] DEBUG nextflow.executor.ExecutorFactory - Extension executors providers=[]
Mar-19 11:45:19.265 [main] DEBUG nextflow.Session - Observer factory (v2): LinObserverFactory
Mar-19 11:45:19.274 [main] DEBUG nextflow.Session - Observer factory (v2): DefaultObserverFactory
Mar-19 11:45:19.325 [main] DEBUG nextflow.cache.CacheFactory - Using Nextflow cache factory: nextflow.cache.DefaultCacheFactory
Mar-19 11:45:19.335 [main] DEBUG nextflow.util.CustomThreadPool - Creating default thread pool > poolSize: 9; maxThreads: 1000
Mar-19 11:45:19.459 [main] DEBUG nextflow.Session - Session start
Mar-19 11:45:19.875 [main] DEBUG nextflow.script.ScriptRunner - > Launching execution
Mar-19 11:45:19.896 [main] INFO  nextflow.Nextflow - 
      LIST OF PARAMETERS
================================
Reads            : ./data/*_{1,2}.fq.gz
Output-folder    : ./outputs/
Adapters         : adapters.fa

Mar-19 11:45:20.098 [main] DEBUG nextflow.executor.ExecutorFactory - << taskConfig executor: null
Mar-19 11:45:20.098 [main] DEBUG nextflow.executor.ExecutorFactory - >> processorType: 'local'
Mar-19 11:45:20.108 [main] DEBUG nextflow.executor.Executor - [warm up] executor > local
Mar-19 11:45:20.113 [main] DEBUG n.processor.LocalPollingMonitor - Creating local task monitor for executor 'local' > cpus=8; memory=15.8 GB; capacity=8; pollInterval=100ms; dumpInterval=5m
Mar-19 11:45:20.124 [main] DEBUG n.processor.TaskPollingMonitor - >>> barrier register (monitor: local)
Mar-19 11:45:20.157 [main] DEBUG nextflow.processor.TaskProcessor - Creating process 'fastqc': maxForks=0; fair=false; array=0
Mar-19 11:45:20.196 [main] DEBUG nextflow.executor.ExecutorFactory - << taskConfig executor: null
Mar-19 11:45:20.196 [main] DEBUG nextflow.executor.ExecutorFactory - >> processorType: 'local'
Mar-19 11:45:20.197 [main] DEBUG nextflow.processor.TaskProcessor - Creating process 'trimmomatic': maxForks=0; fair=false; array=0
Mar-19 11:45:20.201 [main] DEBUG nextflow.Session - Workflow process names [dsl2]: trimmomatic, fastqc
Mar-19 11:45:20.203 [main] DEBUG nextflow.Session - Igniting dataflow network (4)
Mar-19 11:45:20.209 [PathVisitor-1] DEBUG nextflow.file.PathVisitor - files for syntax: glob; folder: ./data/; pattern: *_{1,2}.fq.gz; options: [checkIfExists:true]
Mar-19 11:45:20.211 [main] DEBUG nextflow.processor.TaskProcessor - Starting process > fastqc
Mar-19 11:45:20.211 [main] DEBUG nextflow.processor.TaskProcessor - Starting process > trimmomatic
Mar-19 11:45:20.212 [main] DEBUG nextflow.script.ScriptRunner - Parsed script files:
  Script_5378dba7059299e3: /home/goodname/ma5121/assignment1/main.nf
Mar-19 11:45:20.212 [main] DEBUG nextflow.script.ScriptRunner - > Awaiting termination 
Mar-19 11:45:20.212 [main] DEBUG nextflow.Session - Session await
Mar-19 11:45:20.323 [Actor Thread 6] INFO  nextflow.conda.CondaCache - Creating env using conda: bioconda::fastqc=0.12.1 [cache /home/goodname/ma5121/assignment1/work/conda/env-49dea791c31ead673ed2e341e1c6d206]
Mar-19 11:45:20.408 [Actor Thread 9] INFO  nextflow.processor.TaskProcessor - [fd/4bb5ca] Cached process > trimmomatic (1)
Mar-19 11:45:20.441 [Actor Thread 9] DEBUG nextflow.util.ThreadPoolBuilder - Creating thread pool 'PublishDir' minSize=10; maxSize=24; workQueue=LinkedBlockingQueue[-1]; allowCoreThreadTimeout=false
Mar-19 11:47:49.050 [Actor Thread 6] DEBUG nextflow.conda.CondaCache - 'conda' create complete env=bioconda::fastqc=0.12.1 path=/home/goodname/ma5121/assignment1/work/conda/env-49dea791c31ead673ed2e341e1c6d206
Mar-19 11:47:49.111 [Task submitter] DEBUG n.executor.local.LocalTaskHandler - Launch cmd line: /bin/bash -ue .command.run
Mar-19 11:47:49.113 [Task submitter] INFO  nextflow.Session - [c3/fbbce7] Submitted process > fastqc (1)
Mar-19 11:48:00.465 [Task monitor] DEBUG n.processor.TaskPollingMonitor - Task completed > TaskHandler[id: 1; name: fastqc (1); status: COMPLETED; exit: 0; error: -; workDir: /home/goodname/ma5121/assignment1/work/c3/fbbce72ee99da510b40aba8d4e0a78]
Mar-19 11:48:00.466 [Task monitor] DEBUG nextflow.util.ThreadPoolBuilder - Creating thread pool 'TaskFinalizer' minSize=10; maxSize=24; workQueue=LinkedBlockingQueue[-1]; allowCoreThreadTimeout=false
Mar-19 11:48:00.476 [main] DEBUG nextflow.Session - Session await > all processes finished
Mar-19 11:48:00.573 [Task monitor] DEBUG n.processor.TaskPollingMonitor - <<< barrier arrives (monitor: local) - terminating tasks monitor poll loop
Mar-19 11:48:00.574 [main] DEBUG nextflow.Session - Session await > all barriers passed
Mar-19 11:48:00.577 [main] DEBUG nextflow.util.ThreadPoolManager - Thread pool 'TaskFinalizer' shutdown completed (hard=false)
Mar-19 11:48:00.577 [main] DEBUG nextflow.util.ThreadPoolManager - Thread pool 'PublishDir' shutdown completed (hard=false)
Mar-19 11:48:00.590 [main] DEBUG n.trace.WorkflowStatsObserver - Workflow completed > WorkflowStats[succeededCount=1; failedCount=0; ignoredCount=0; cachedCount=1; pendingCount=0; submittedCount=0; runningCount=0; retriesCount=0; abortedCount=0; succeedDuration=11.3s; failedDuration=0ms; cachedDuration=46.3s;loadCpus=0; loadMemory=0; peakRunning=1; peakCpus=1; peakMemory=0; ]
Mar-19 11:48:00.790 [main] DEBUG nextflow.cache.CacheDB - Closing CacheDB done
Mar-19 11:48:00.809 [main] DEBUG nextflow.util.ThreadPoolManager - Thread pool 'FileTransfer' shutdown completed (hard=false)
Mar-19 11:48:00.810 [main] DEBUG nextflow.script.ScriptRunner - > Execution complete -- Goodbye
